
=============
== PyTorch ==
=============

NVIDIA Release 25.11 (build 231036168)
PyTorch Version 2.10.0a0+b558c98
Container image Copyright (c) 2025, NVIDIA CORPORATION & AFFILIATES. All rights reserved.
Copyright (c) 2014-2024 Facebook Inc.
Copyright (c) 2011-2014 Idiap Research Institute (Ronan Collobert)
Copyright (c) 2012-2014 Deepmind Technologies    (Koray Kavukcuoglu)
Copyright (c) 2011-2012 NEC Laboratories America (Koray Kavukcuoglu)
Copyright (c) 2011-2013 NYU                      (Clement Farabet)
Copyright (c) 2006-2010 NEC Laboratories America (Ronan Collobert, Leon Bottou, Iain Melvin, Jason Weston)
Copyright (c) 2006      Idiap Research Institute (Samy Bengio)
Copyright (c) 2001-2004 Idiap Research Institute (Ronan Collobert, Samy Bengio, Johnny Mariethoz)
Copyright (c) 2015      Google Inc.
Copyright (c) 2015      Yangqing Jia
Copyright (c) 2013-2016 The Caffe contributors
All rights reserved.

Various files include modifications (c) NVIDIA CORPORATION & AFFILIATES.  All rights reserved.

GOVERNING TERMS: The software and materials are governed by the NVIDIA Software License Agreement
(found at https://www.nvidia.com/en-us/agreements/enterprise-software/nvidia-software-license-agreement/)
and the Product-Specific Terms for NVIDIA AI Products
(found at https://www.nvidia.com/en-us/agreements/enterprise-software/product-specific-terms-for-ai-products/).

host   : 2f5f7fdfa59c  Linux aarch64
python : 3.12.3   numpy 2.1.0

--- numpy (host CPU): aarch64
    triad  FP64     27.0 GB/s     FP32     27.0 GB/s
    ddx shape                                     FP64       FP32      ratio
    Stage 5 channel (9e n=7 nk=9)               0.14ms      0.13ms      1.05x
    minimal channel-ish (144e n=9 nk=16)        8.70ms      8.04ms      1.08x
    FULL M7 (240e n=9 nk=65)                   61.64ms     56.11ms      1.10x

    FP64 penalty (median over shapes): 1.1x slower than FP32
    VERDICT: FP64 is NOT throttled. Worth costing out a port -- compare the bandwidth above against MLX 314.8 GB/s.

--- torch (GPU): NVIDIA GB10, 122 GiB, cc 12.1, 48 SMs
    triad  FP64    141.8 GB/s     FP32    143.0 GB/s
    ddx shape                                     FP64       FP32      ratio
    Stage 5 channel (9e n=7 nk=9)               0.04ms      0.03ms      1.36x
    minimal channel-ish (144e n=9 nk=16)        0.97ms      0.21ms      4.63x
    FULL M7 (240e n=9 nk=65)                    6.55ms      1.48ms      4.44x

    FP64 penalty (median over shapes): 4.4x slower than FP32
    VERDICT: FP64 is partially throttled. Marginal; only worth it if the bandwidth win is large.

Local M3 Max baselines to beat (measured 2026-08-22):
  triad FP64  : numpy 47.8 GB/s, MLX GPU 314.8 GB/s
  ddx FULL M7 : numpy 32.68 ms, MLX GPU 2.97 ms

A port is worth costing out only if the remote GPU beats 314.8 GB/s
in FP64 AND its FP64 penalty is small. Either one failing kills it.
